[dan.forys.uk/experiments/mesmerizer/index.html]
[backblue.gif]
[fade.gif]
[index.html]
[dan.forys.uk/styles/mainv3.css]
[dan.forys.uk/images/favicon/apple-icon-57x57.png]
[dan.forys.uk/images/favicon/apple-icon-60x60.png]
[dan.forys.uk/images/favicon/apple-icon-72x72.png]
[dan.forys.uk/images/favicon/apple-icon-76x76.png]
[dan.forys.uk/images/favicon/apple-icon-114x114.png]
[dan.forys.uk/images/favicon/apple-icon-120x120.png]
[dan.forys.uk/images/favicon/apple-icon-144x144.png]
[dan.forys.uk/images/favicon/apple-icon-152x152.png]
[dan.forys.uk/images/favicon/apple-icon-180x180.png]
[dan.forys.uk/images/favicon/android-icon-192x192.png]
[dan.forys.uk/images/favicon/favicon-32x32.png]
[dan.forys.uk/images/favicon/favicon-96x96.png]
[dan.forys.uk/images/favicon/favicon-16x16.png]
[pagead2.googlesyndication.com/pagead/f.txt]
[dan.forys.uk/experiments/mesmerizer/index.html]
[dan.forys.uk/styles/mainv3.css]
[dan.forys.uk/experiments/mesmerizer/js/main-canvas.js]
[dan.forys.uk/script/jquery-1.7.1.min.js]
